Product: MDK-ARM Professional 5.10
Component: ARM Compiler 5.04 update 1 (build 49)
Tool: armlink [5040049]

==============================================================================

Section Cross References

    system_mkl25z4.o(.text) refers to uidiv.o(.text) for __aeabi_uidivmod
    system_mkl25z4.o(.text) refers to system_mkl25z4.o(i.__ARM_common_switch8) for __ARM_common_switch8
    system_mkl25z4.o(.text) refers to system_mkl25z4.o(.data) for SystemCoreClock
    startup_mkl25z4.o(RESET) refers to startup_mkl25z4.o(STACK) for __initial_sp
    startup_mkl25z4.o(RESET) refers to startup_mkl25z4.o(.text) for Reset_Handler
    startup_mkl25z4.o(RESET) refers to isr.o(.text) for PIT_IRQHandler
    startup_mkl25z4.o(.text) refers to system_mkl25z4.o(.text) for SystemInit
    startup_mkl25z4.o(.text) refers to entry.o(.ARM.Collect$$$$00000000) for __main
    main.o(.text) refers to sys.o(.text) for DisableInterrupts
    main.o(.text) refers to uart.o(.text) for UART_PortInit
    main.o(.text) refers to delay.o(.text) for DelayInit
    main.o(.text) refers to pwm.o(.text) for Steer_Init
    main.o(.text) refers to led.o(.text) for LEDInit
    main.o(.text) refers to ccd.o(.text) for CCDInit
    main.o(.text) refers to cntl.o(.text) for Get_Mid
    main.o(.text) refers to ccd.o(.data) for CCDParSet
    pit.o(.text) refers to sys.o(.text) for GetCPUInfo
    pit.o(.text) refers to uidiv.o(.text) for __aeabi_uidivmod
    pit.o(.text) refers to sys.o(.bss) for CPUInfo
    sys.o(.text) refers to system_mkl25z4.o(i.__ARM_common_switch8) for __ARM_common_switch8
    sys.o(.text) refers to uidiv.o(.text) for __aeabi_uidivmod
    sys.o(.text) refers to sys.o(.bss) for CPUInfo
    sys.o(.text) refers to system_mkl25z4.o(.data) for SystemCoreClock
    adc.o(.text) refers to sys.o(.text) for PinMuxConfig
    uart.o(.text) refers to uidiv.o(.text) for __aeabi_uidivmod
    uart.o(.text) refers to sys.o(.text) for PinMuxConfig
    uart.o(.text) refers to sys.o(.bss) for CPUInfo
    uart.o(.text) refers to uart.o(.data) for UART_DebugPort
    uart.o(.text) refers to system_mkl25z4.o(i.__ARM_common_switch8) for __ARM_common_switch8
    uart.o(.text) refers to idiv.o(.text) for __aeabi_idivmod
    uart.o(.data) refers to uart.o(.conststring) for .conststring
    delay.o(.text) refers to sys.o(.text) for GetCPUInfo
    delay.o(.text) refers to uidiv.o(.text) for __aeabi_uidivmod
    delay.o(.text) refers to sys.o(.bss) for CPUInfo
    delay.o(.text) refers to delay.o(.data) for m
    isr.o(.text) refers to pit.o(.text) for PIT_Init
    isr.o(.text) refers to led.o(.text) for TwinkleLed
    led.o(.text) refers to gpio.o(.text) for GPIO_Init
    pid.o(.text) refers to fadd.o(.text) for __aeabi_fsub
    pid.o(.text) refers to cfrcmple.o(.text) for __aeabi_cfrcmple
    pid.o(.text) refers to fmul.o(.text) for __aeabi_fmul
    pid.o(.text) refers to fflti.o(.text) for __aeabi_i2f
    pid.o(.text) refers to ffixi.o(.text) for __aeabi_f2iz
    pid.o(.text) refers to pid.o(.bss) for PIDSteer
    cntl.o(.text) refers to pwm.o(.text) for Steer_Out
    cntl.o(.text) refers to dflti.o(.text) for __aeabi_i2d
    cntl.o(.text) refers to dmul.o(.text) for __aeabi_dmul
    cntl.o(.text) refers to dadd.o(.text) for __aeabi_dadd
    cntl.o(.text) refers to dfixi.o(.text) for __aeabi_d2iz
    cntl.o(.text) refers to cntl.o(.bss) for IMAGE
    cntl.o(.text) refers to cntl.o(.data) for MID
    cntl.o(.text) refers to cntl.o(.constdata) for duty
    ccd.o(.text) refers to adc.o(.text) for ADC_Init
    ccd.o(.text) refers to gpio.o(.text) for GPIO_Init
    ccd.o(.text) refers to delay.o(.text) for DelayUs
    ccd.o(.text) refers to printf8.o(i.__0sprintf$8) for __2sprintf
    ccd.o(.text) refers to uart.o(.text) for UART_printf
    ccd.o(.text) refers to cntl.o(.bss) for IMAGE
    ccd.o(.text) refers to cntl.o(.constdata) for THRESHOLD
    pwm.o(.text) refers to gpio.o(.text) for GPIO_Init
    entry.o(.ARM.Collect$$$$00000000) refers (Special) to entry10a.o(.ARM.Collect$$$$0000000D) for __rt_final_cpp
    entry.o(.ARM.Collect$$$$00000000) refers (Special) to entry11a.o(.ARM.Collect$$$$0000000F) for __rt_final_exit
    entry.o(.ARM.Collect$$$$00000000) refers (Special) to entry7b.o(.ARM.Collect$$$$00000008) for _main_clock
    entry.o(.ARM.Collect$$$$00000000) refers (Special) to entry8b.o(.ARM.Collect$$$$0000000A) for _main_cpp_init
    entry.o(.ARM.Collect$$$$00000000) refers (Special) to entry9a.o(.ARM.Collect$$$$0000000B) for _main_init
    entry.o(.ARM.Collect$$$$00000000) refers (Special) to entry5.o(.ARM.Collect$$$$00000004) for _main_scatterload
    entry.o(.ARM.Collect$$$$00000000) refers (Special) to entry2.o(.ARM.Collect$$$$00000001) for _main_stk
    idiv.o(.text) refers to uidiv.o(.text) for __aeabi_uidivmod
    printfb.o(i.__0fprintf$bare) refers to printfb.o(i._printf_core) for _printf_core
    printfb.o(i.__0fprintf$bare) refers to fputc.o(i.fputc) for fputc
    printfb.o(i.__0printf$bare) refers to printfb.o(i._printf_core) for _printf_core
    printfb.o(i.__0printf$bare) refers to fputc.o(i.fputc) for fputc
    printfb.o(i.__0printf$bare) refers to stdout.o(.data) for __stdout
    printfb.o(i.__0snprintf$bare) refers to printfb.o(i._printf_core) for _printf_core
    printfb.o(i.__0snprintf$bare) refers to printfb.o(i._snputc) for _snputc
    printfb.o(i.__0sprintf$bare) refers to printfb.o(i._printf_core) for _printf_core
    printfb.o(i.__0sprintf$bare) refers to printfb.o(i._sputc) for _sputc
    printfb.o(i.__0vfprintf$bare) refers to printfb.o(i._printf_core) for _printf_core
    printfb.o(i.__0vfprintf$bare) refers to fputc.o(i.fputc) for fputc
    printfb.o(i.__0vprintf$bare) refers to printfb.o(i._printf_core) for _printf_core
    printfb.o(i.__0vprintf$bare) refers to fputc.o(i.fputc) for fputc
    printfb.o(i.__0vprintf$bare) refers to stdout.o(.data) for __stdout
    printfb.o(i.__0vsnprintf$bare) refers to printfb.o(i._printf_core) for _printf_core
    printfb.o(i.__0vsnprintf$bare) refers to printfb.o(i._snputc) for _snputc
    printfb.o(i.__0vsprintf$bare) refers to printfb.o(i._printf_core) for _printf_core
    printfb.o(i.__0vsprintf$bare) refers to printfb.o(i._sputc) for _sputc
    printf0.o(i.__0fprintf$0) refers to printf0.o(i._printf_core) for _printf_core
    printf0.o(i.__0fprintf$0) refers to fputc.o(i.fputc) for fputc
    printf0.o(i.__0printf$0) refers to printf0.o(i._printf_core) for _printf_core
    printf0.o(i.__0printf$0) refers to fputc.o(i.fputc) for fputc
    printf0.o(i.__0printf$0) refers to stdout.o(.data) for __stdout
    printf0.o(i.__0snprintf$0) refers to printf0.o(i._printf_core) for _printf_core
    printf0.o(i.__0snprintf$0) refers to printf0.o(i._snputc) for _snputc
    printf0.o(i.__0sprintf$0) refers to printf0.o(i._printf_core) for _printf_core
    printf0.o(i.__0sprintf$0) refers to printf0.o(i._sputc) for _sputc
    printf0.o(i.__0vfprintf$0) refers to printf0.o(i._printf_core) for _printf_core
    printf0.o(i.__0vfprintf$0) refers to fputc.o(i.fputc) for fputc
    printf0.o(i.__0vprintf$0) refers to printf0.o(i._printf_core) for _printf_core
    printf0.o(i.__0vprintf$0) refers to fputc.o(i.fputc) for fputc
    printf0.o(i.__0vprintf$0) refers to stdout.o(.data) for __stdout
    printf0.o(i.__0vsnprintf$0) refers to printf0.o(i._printf_core) for _printf_core
    printf0.o(i.__0vsnprintf$0) refers to printf0.o(i._snputc) for _snputc
    printf0.o(i.__0vsprintf$0) refers to printf0.o(i._printf_core) for _printf_core
    printf0.o(i.__0vsprintf$0) refers to printf0.o(i._sputc) for _sputc
    printf1.o(i.__0fprintf$1) refers to printf1.o(i._printf_core) for _printf_core
    printf1.o(i.__0fprintf$1) refers to fputc.o(i.fputc) for fputc
    printf1.o(i.__0printf$1) refers to printf1.o(i._printf_core) for _printf_core
    printf1.o(i.__0printf$1) refers to fputc.o(i.fputc) for fputc
    printf1.o(i.__0printf$1) refers to stdout.o(.data) for __stdout
    printf1.o(i.__0snprintf$1) refers to printf1.o(i._printf_core) for _printf_core
    printf1.o(i.__0snprintf$1) refers to printf1.o(i._snputc) for _snputc
    printf1.o(i.__0sprintf$1) refers to printf1.o(i._printf_core) for _printf_core
    printf1.o(i.__0sprintf$1) refers to printf1.o(i._sputc) for _sputc
    printf1.o(i.__0vfprintf$1) refers to printf1.o(i._printf_core) for _printf_core
    printf1.o(i.__0vfprintf$1) refers to fputc.o(i.fputc) for fputc
    printf1.o(i.__0vprintf$1) refers to printf1.o(i._printf_core) for _printf_core
    printf1.o(i.__0vprintf$1) refers to fputc.o(i.fputc) for fputc
    printf1.o(i.__0vprintf$1) refers to stdout.o(.data) for __stdout
    printf1.o(i.__0vsnprintf$1) refers to printf1.o(i._printf_core) for _printf_core
    printf1.o(i.__0vsnprintf$1) refers to printf1.o(i._snputc) for _snputc
    printf1.o(i.__0vsprintf$1) refers to printf1.o(i._printf_core) for _printf_core
    printf1.o(i.__0vsprintf$1) refers to printf1.o(i._sputc) for _sputc
    printf1.o(i._printf_core) refers to uidiv.o(.text) for __aeabi_uidivmod
    printf2.o(i.__0fprintf$2) refers to printf2.o(i._printf_core) for _printf_core
    printf2.o(i.__0fprintf$2) refers to fputc.o(i.fputc) for fputc
    printf2.o(i.__0printf$2) refers to printf2.o(i._printf_core) for _printf_core
    printf2.o(i.__0printf$2) refers to fputc.o(i.fputc) for fputc
    printf2.o(i.__0printf$2) refers to stdout.o(.data) for __stdout
    printf2.o(i.__0snprintf$2) refers to printf2.o(i._printf_core) for _printf_core
    printf2.o(i.__0snprintf$2) refers to printf2.o(i._snputc) for _snputc
    printf2.o(i.__0sprintf$2) refers to printf2.o(i._printf_core) for _printf_core
    printf2.o(i.__0sprintf$2) refers to printf2.o(i._sputc) for _sputc
    printf2.o(i.__0vfprintf$2) refers to printf2.o(i._printf_core) for _printf_core
    printf2.o(i.__0vfprintf$2) refers to fputc.o(i.fputc) for fputc
    printf2.o(i.__0vprintf$2) refers to printf2.o(i._printf_core) for _printf_core
    printf2.o(i.__0vprintf$2) refers to fputc.o(i.fputc) for fputc
    printf2.o(i.__0vprintf$2) refers to stdout.o(.data) for __stdout
    printf2.o(i.__0vsnprintf$2) refers to printf2.o(i._printf_core) for _printf_core
    printf2.o(i.__0vsnprintf$2) refers to printf2.o(i._snputc) for _snputc
    printf2.o(i.__0vsprintf$2) refers to printf2.o(i._printf_core) for _printf_core
    printf2.o(i.__0vsprintf$2) refers to printf2.o(i._sputc) for _sputc
    printf3.o(i.__0fprintf$3) refers to printf3.o(i._printf_core) for _printf_core
    printf3.o(i.__0fprintf$3) refers to fputc.o(i.fputc) for fputc
    printf3.o(i.__0printf$3) refers to printf3.o(i._printf_core) for _printf_core
    printf3.o(i.__0printf$3) refers to fputc.o(i.fputc) for fputc
    printf3.o(i.__0printf$3) refers to stdout.o(.data) for __stdout
    printf3.o(i.__0snprintf$3) refers to printf3.o(i._printf_core) for _printf_core
    printf3.o(i.__0snprintf$3) refers to printf3.o(i._snputc) for _snputc
    printf3.o(i.__0sprintf$3) refers to printf3.o(i._printf_core) for _printf_core
    printf3.o(i.__0sprintf$3) refers to printf3.o(i._sputc) for _sputc
    printf3.o(i.__0vfprintf$3) refers to printf3.o(i._printf_core) for _printf_core
    printf3.o(i.__0vfprintf$3) refers to fputc.o(i.fputc) for fputc
    printf3.o(i.__0vprintf$3) refers to printf3.o(i._printf_core) for _printf_core
    printf3.o(i.__0vprintf$3) refers to fputc.o(i.fputc) for fputc
    printf3.o(i.__0vprintf$3) refers to stdout.o(.data) for __stdout
    printf3.o(i.__0vsnprintf$3) refers to printf3.o(i._printf_core) for _printf_core
    printf3.o(i.__0vsnprintf$3) refers to printf3.o(i._snputc) for _snputc
    printf3.o(i.__0vsprintf$3) refers to printf3.o(i._printf_core) for _printf_core
    printf3.o(i.__0vsprintf$3) refers to printf3.o(i._sputc) for _sputc
    printf3.o(i._printf_core) refers to uidiv.o(.text) for __aeabi_uidivmod
    printf4.o(i.__0fprintf$4) refers to printf4.o(i._printf_core) for _printf_core
    printf4.o(i.__0fprintf$4) refers to fputc.o(i.fputc) for fputc
    printf4.o(i.__0printf$4) refers to printf4.o(i._printf_core) for _printf_core
    printf4.o(i.__0printf$4) refers to fputc.o(i.fputc) for fputc
    printf4.o(i.__0printf$4) refers to stdout.o(.data) for __stdout
    printf4.o(i.__0snprintf$4) refers to printf4.o(i._printf_core) for _printf_core
    printf4.o(i.__0snprintf$4) refers to printf4.o(i._snputc) for _snputc
    printf4.o(i.__0sprintf$4) refers to printf4.o(i._printf_core) for _printf_core
    printf4.o(i.__0sprintf$4) refers to printf4.o(i._sputc) for _sputc
    printf4.o(i.__0vfprintf$4) refers to printf4.o(i._printf_core) for _printf_core
    printf4.o(i.__0vfprintf$4) refers to fputc.o(i.fputc) for fputc
    printf4.o(i.__0vprintf$4) refers to printf4.o(i._printf_core) for _printf_core
    printf4.o(i.__0vprintf$4) refers to fputc.o(i.fputc) for fputc
    printf4.o(i.__0vprintf$4) refers to stdout.o(.data) for __stdout
    printf4.o(i.__0vsnprintf$4) refers to printf4.o(i._printf_core) for _printf_core
    printf4.o(i.__0vsnprintf$4) refers to printf4.o(i._snputc) for _snputc
    printf4.o(i.__0vsprintf$4) refers to printf4.o(i._printf_core) for _printf_core
    printf4.o(i.__0vsprintf$4) refers to printf4.o(i._sputc) for _sputc
    printf4.o(i._printf_core) refers to uldiv.o(.text) for __aeabi_uldivmod
    printf5.o(i.__0fprintf$5) refers to printf5.o(i._printf_core) for _printf_core
    printf5.o(i.__0fprintf$5) refers to fputc.o(i.fputc) for fputc
    printf5.o(i.__0printf$5) refers to printf5.o(i._printf_core) for _printf_core
    printf5.o(i.__0printf$5) refers to fputc.o(i.fputc) for fputc
    printf5.o(i.__0printf$5) refers to stdout.o(.data) for __stdout
    printf5.o(i.__0snprintf$5) refers to printf5.o(i._printf_core) for _printf_core
    printf5.o(i.__0snprintf$5) refers to printf5.o(i._snputc) for _snputc
    printf5.o(i.__0sprintf$5) refers to printf5.o(i._printf_core) for _printf_core
    printf5.o(i.__0sprintf$5) refers to printf5.o(i._sputc) for _sputc
    printf5.o(i.__0vfprintf$5) refers to printf5.o(i._printf_core) for _printf_core
    printf5.o(i.__0vfprintf$5) refers to fputc.o(i.fputc) for fputc
    printf5.o(i.__0vprintf$5) refers to printf5.o(i._printf_core) for _printf_core
    printf5.o(i.__0vprintf$5) refers to fputc.o(i.fputc) for fputc
    printf5.o(i.__0vprintf$5) refers to stdout.o(.data) for __stdout
    printf5.o(i.__0vsnprintf$5) refers to printf5.o(i._printf_core) for _printf_core
    printf5.o(i.__0vsnprintf$5) refers to printf5.o(i._snputc) for _snputc
    printf5.o(i.__0vsprintf$5) refers to printf5.o(i._printf_core) for _printf_core
    printf5.o(i.__0vsprintf$5) refers to printf5.o(i._sputc) for _sputc
    printf5.o(i._printf_core) refers to uldiv.o(.text) for __aeabi_uldivmod
    printf6.o(i.__0fprintf$6) refers to printf6.o(i._printf_core) for _printf_core
    printf6.o(i.__0fprintf$6) refers to fputc.o(i.fputc) for fputc
    printf6.o(i.__0printf$6) refers to printf6.o(i._printf_core) for _printf_core
    printf6.o(i.__0printf$6) refers to fputc.o(i.fputc) for fputc
    printf6.o(i.__0printf$6) refers to stdout.o(.data) for __stdout
    printf6.o(i.__0snprintf$6) refers to printf6.o(i._printf_core) for _printf_core
    printf6.o(i.__0snprintf$6) refers to printf6.o(i._snputc) for _snputc
    printf6.o(i.__0sprintf$6) refers to printf6.o(i._printf_core) for _printf_core
    printf6.o(i.__0sprintf$6) refers to printf6.o(i._sputc) for _sputc
    printf6.o(i.__0vfprintf$6) refers to printf6.o(i._printf_core) for _printf_core
    printf6.o(i.__0vfprintf$6) refers to fputc.o(i.fputc) for fputc
    printf6.o(i.__0vprintf$6) refers to printf6.o(i._printf_core) for _printf_core
    printf6.o(i.__0vprintf$6) refers to fputc.o(i.fputc) for fputc
    printf6.o(i.__0vprintf$6) refers to stdout.o(.data) for __stdout
    printf6.o(i.__0vsnprintf$6) refers to printf6.o(i._printf_core) for _printf_core
    printf6.o(i.__0vsnprintf$6) refers to printf6.o(i._snputc) for _snputc
    printf6.o(i.__0vsprintf$6) refers to printf6.o(i._printf_core) for _printf_core
    printf6.o(i.__0vsprintf$6) refers to printf6.o(i._sputc) for _sputc
    printf6.o(i._printf_core) refers to printf6.o(i._printf_pre_padding) for _printf_pre_padding
    printf6.o(i._printf_core) refers to printf6.o(i._printf_post_padding) for _printf_post_padding
    printf6.o(i._printf_core) refers to uidiv.o(.text) for __aeabi_uidivmod
    printf7.o(i.__0fprintf$7) refers to printf7.o(i._printf_core) for _printf_core
    printf7.o(i.__0fprintf$7) refers to fputc.o(i.fputc) for fputc
    printf7.o(i.__0printf$7) refers to printf7.o(i._printf_core) for _printf_core
    printf7.o(i.__0printf$7) refers to fputc.o(i.fputc) for fputc
    printf7.o(i.__0printf$7) refers to stdout.o(.data) for __stdout
    printf7.o(i.__0snprintf$7) refers to printf7.o(i._printf_core) for _printf_core
    printf7.o(i.__0snprintf$7) refers to printf7.o(i._snputc) for _snputc
    printf7.o(i.__0sprintf$7) refers to printf7.o(i._printf_core) for _printf_core
    printf7.o(i.__0sprintf$7) refers to printf7.o(i._sputc) for _sputc
    printf7.o(i.__0vfprintf$7) refers to printf7.o(i._printf_core) for _printf_core
    printf7.o(i.__0vfprintf$7) refers to fputc.o(i.fputc) for fputc
    printf7.o(i.__0vprintf$7) refers to printf7.o(i._printf_core) for _printf_core
    printf7.o(i.__0vprintf$7) refers to fputc.o(i.fputc) for fputc
    printf7.o(i.__0vprintf$7) refers to stdout.o(.data) for __stdout
    printf7.o(i.__0vsnprintf$7) refers to printf7.o(i._printf_core) for _printf_core
    printf7.o(i.__0vsnprintf$7) refers to printf7.o(i._snputc) for _snputc
    printf7.o(i.__0vsprintf$7) refers to printf7.o(i._printf_core) for _printf_core
    printf7.o(i.__0vsprintf$7) refers to printf7.o(i._sputc) for _sputc
    printf7.o(i._printf_core) refers to printf7.o(i._printf_pre_padding) for _printf_pre_padding
    printf7.o(i._printf_core) refers to printf7.o(i._printf_post_padding) for _printf_post_padding
    printf7.o(i._printf_core) refers to uldiv.o(.text) for __aeabi_uldivmod
    printf8.o(i.__0fprintf$8) refers to printf8.o(i._printf_core) for _printf_core
    printf8.o(i.__0fprintf$8) refers to fputc.o(i.fputc) for fputc
    printf8.o(i.__0printf$8) refers to printf8.o(i._printf_core) for _printf_core
    printf8.o(i.__0printf$8) refers to fputc.o(i.fputc) for fputc
    printf8.o(i.__0printf$8) refers to stdout.o(.data) for __stdout
    printf8.o(i.__0snprintf$8) refers to printf8.o(i._printf_core) for _printf_core
    printf8.o(i.__0snprintf$8) refers to printf8.o(i._snputc) for _snputc
    printf8.o(i.__0sprintf$8) refers to printf8.o(i._printf_core) for _printf_core
    printf8.o(i.__0sprintf$8) refers to printf8.o(i._sputc) for _sputc
    printf8.o(i.__0vfprintf$8) refers to printf8.o(i._printf_core) for _printf_core
    printf8.o(i.__0vfprintf$8) refers to fputc.o(i.fputc) for fputc
    printf8.o(i.__0vprintf$8) refers to printf8.o(i._printf_core) for _printf_core
    printf8.o(i.__0vprintf$8) refers to fputc.o(i.fputc) for fputc
    printf8.o(i.__0vprintf$8) refers to stdout.o(.data) for __stdout
    printf8.o(i.__0vsnprintf$8) refers to printf8.o(i._printf_core) for _printf_core
    printf8.o(i.__0vsnprintf$8) refers to printf8.o(i._snputc) for _snputc
    printf8.o(i.__0vsprintf$8) refers to printf8.o(i._printf_core) for _printf_core
    printf8.o(i.__0vsprintf$8) refers to printf8.o(i._sputc) for _sputc
    printf8.o(i._printf_core) refers to printf8.o(i._printf_pre_padding) for _printf_pre_padding
    printf8.o(i._printf_core) refers to printf8.o(i._printf_post_padding) for _printf_post_padding
    printf8.o(i._printf_core) refers to uldiv.o(.text) for __aeabi_uldivmod
    printfa.o(i.__0fprintf) refers (Special) to iusefp.o(.text) for __I$use$fp
    printfa.o(i.__0fprintf) refers to printfa.o(i._printf_core) for _printf_core
    printfa.o(i.__0fprintf) refers to fputc.o(i.fputc) for fputc
    printfa.o(i.__0printf) refers (Special) to iusefp.o(.text) for __I$use$fp
    printfa.o(i.__0printf) refers to printfa.o(i._printf_core) for _printf_core
    printfa.o(i.__0printf) refers to fputc.o(i.fputc) for fputc
    printfa.o(i.__0printf) refers to stdout.o(.data) for __stdout
    printfa.o(i.__0snprintf) refers (Special) to iusefp.o(.text) for __I$use$fp
    printfa.o(i.__0snprintf) refers to printfa.o(i._printf_core) for _printf_core
    printfa.o(i.__0snprintf) refers to printfa.o(i._snputc) for _snputc
    printfa.o(i.__0sprintf) refers (Special) to iusefp.o(.text) for __I$use$fp
    printfa.o(i.__0sprintf) refers to printfa.o(i._printf_core) for _printf_core
    printfa.o(i.__0sprintf) refers to printfa.o(i._sputc) for _sputc
    printfa.o(i.__0vfprintf) refers (Special) to iusefp.o(.text) for __I$use$fp
    printfa.o(i.__0vfprintf) refers to printfa.o(i._printf_core) for _printf_core
    printfa.o(i.__0vfprintf) refers to fputc.o(i.fputc) for fputc
    printfa.o(i.__0vprintf) refers (Special) to iusefp.o(.text) for __I$use$fp
    printfa.o(i.__0vprintf) refers to printfa.o(i._printf_core) for _printf_core
    printfa.o(i.__0vprintf) refers to fputc.o(i.fputc) for fputc
    printfa.o(i.__0vprintf) refers to stdout.o(.data) for __stdout
    printfa.o(i.__0vsnprintf) refers (Special) to iusefp.o(.text) for __I$use$fp
    printfa.o(i.__0vsnprintf) refers to printfa.o(i._printf_core) for _printf_core
    printfa.o(i.__0vsnprintf) refers to printfa.o(i._snputc) for _snputc
    printfa.o(i.__0vsprintf) refers (Special) to iusefp.o(.text) for __I$use$fp
    printfa.o(i.__0vsprintf) refers to printfa.o(i._printf_core) for _printf_core
    printfa.o(i.__0vsprintf) refers to printfa.o(i._sputc) for _sputc
    printfa.o(i._fp_digits) refers (Special) to iusefp.o(.text) for __I$use$fp
    printfa.o(i._fp_digits) refers to dmul.o(.text) for __aeabi_dmul
    printfa.o(i._fp_digits) refers to ddiv.o(.text) for __aeabi_ddiv
    printfa.o(i._fp_digits) refers to cdrcmple.o(.text) for __aeabi_cdrcmple
    printfa.o(i._fp_digits) refers to dadd.o(.text) for __aeabi_dadd
    printfa.o(i._fp_digits) refers to dfixul.o(.text) for __aeabi_d2ulz
    printfa.o(i._fp_digits) refers to uldiv.o(.text) for __aeabi_uldivmod
    printfa.o(i._printf_core) refers (Special) to iusefp.o(.text) for __I$use$fp
    printfa.o(i._printf_core) refers to printfa.o(i._printf_pre_padding) for _printf_pre_padding
    printfa.o(i._printf_core) refers to uldiv.o(.text) for __aeabi_uldivmod
    printfa.o(i._printf_core) refers to printfa.o(i._printf_post_padding) for _printf_post_padding
    printfa.o(i._printf_core) refers to printfa.o(i._fp_digits) for _fp_digits
    printfa.o(i._printf_core) refers to uidiv.o(.text) for __aeabi_uidivmod
    printfa.o(i._printf_post_padding) refers (Special) to iusefp.o(.text) for __I$use$fp
    printfa.o(i._printf_pre_padding) refers (Special) to iusefp.o(.text) for __I$use$fp
    printfa.o(i._snputc) refers (Special) to iusefp.o(.text) for __I$use$fp
    printfa.o(i._sputc) refers (Special) to iusefp.o(.text) for __I$use$fp
    fadd.o(.text) refers (Special) to iusefp.o(.text) for __I$use$fp
    fadd.o(.text) refers to fepilogue.o(.text) for _float_epilogue
    fmul.o(.text) refers (Special) to iusefp.o(.text) for __I$use$fp
    dadd.o(.text) refers (Special) to iusefp.o(.text) for __I$use$fp
    dadd.o(.text) refers to llshl.o(.text) for __aeabi_llsl
    dadd.o(.text) refers to llsshr.o(.text) for __aeabi_lasr
    dadd.o(.text) refers to depilogue.o(.text) for _double_epilogue
    dmul.o(.text) refers (Special) to iusefp.o(.text) for __I$use$fp
    dmul.o(.text) refers to depilogue.o(.text) for _double_epilogue
    fflti.o(.text) refers (Special) to iusefp.o(.text) for __I$use$fp
    fflti.o(.text) refers to fepilogue.o(.text) for _float_epilogue
    dflti.o(.text) refers (Special) to iusefp.o(.text) for __I$use$fp
    dflti.o(.text) refers to depilogue.o(.text) for _double_epilogue
    ffixi.o(.text) refers (Special) to iusefp.o(.text) for __I$use$fp
    dfixi.o(.text) refers (Special) to iusefp.o(.text) for __I$use$fp
    dfixi.o(.text) refers to llushr.o(.text) for __aeabi_llsr
    cfrcmple.o(.text) refers (Special) to iusefp.o(.text) for __I$use$fp
    entry2.o(.ARM.Collect$$$$00000001) refers to entry2.o(.ARM.Collect$$$$00002712) for __lit__00000000
    entry2.o(.ARM.Collect$$$$00002712) refers to startup_mkl25z4.o(STACK) for __initial_sp
    entry2.o(__vectab_stack_and_reset_area) refers to startup_mkl25z4.o(STACK) for __initial_sp
    entry2.o(__vectab_stack_and_reset_area) refers to entry.o(.ARM.Collect$$$$00000000) for __main
    entry5.o(.ARM.Collect$$$$00000004) refers to init.o(.text) for __scatterload
    entry9a.o(.ARM.Collect$$$$0000000B) refers to main.o(.text) for main
    entry9b.o(.ARM.Collect$$$$0000000C) refers to main.o(.text) for main
    fputc.o(i.fputc) refers (Special) to iusesemip.o(.text) for __I$use$semihosting$fputc
    fputc.o(i.fputc) refers (Special) to semi.o(.text) for __semihosting_library_function
    uldiv.o(.text) refers to llushr.o(.text) for __aeabi_llsr
    uldiv.o(.text) refers to llshl.o(.text) for __aeabi_llsl
    depilogue.o(.text) refers to depilogue.o(i.__ARM_clz) for __ARM_clz
    depilogue.o(.text) refers to llshl.o(.text) for __aeabi_llsl
    depilogue.o(.text) refers to llushr.o(.text) for __aeabi_llsr
    ddiv.o(.text) refers to depilogue.o(.text) for _double_round
    dfixul.o(.text) refers to llushr.o(.text) for __aeabi_llsr
    dfixul.o(.text) refers to llshl.o(.text) for __aeabi_llsl
    init.o(.text) refers to entry5.o(.ARM.Collect$$$$00000004) for __main_after_scatterload


==============================================================================

Removing Unused input sections from the image.

    Removing system_mkl25z4.o(.rev16_text), (4 bytes).
    Removing system_mkl25z4.o(.revsh_text), (4 bytes).
    Removing startup_mkl25z4.o(HEAP), (0 bytes).
    Removing main.o(.rev16_text), (4 bytes).
    Removing main.o(.revsh_text), (4 bytes).
    Removing pit.o(.rev16_text), (4 bytes).
    Removing pit.o(.revsh_text), (4 bytes).
    Removing sys.o(.rev16_text), (4 bytes).
    Removing sys.o(.revsh_text), (4 bytes).
    Removing adc.o(.rev16_text), (4 bytes).
    Removing adc.o(.revsh_text), (4 bytes).
    Removing uart.o(.rev16_text), (4 bytes).
    Removing uart.o(.revsh_text), (4 bytes).
    Removing gpio.o(.rev16_text), (4 bytes).
    Removing gpio.o(.revsh_text), (4 bytes).
    Removing delay.o(.rev16_text), (4 bytes).
    Removing delay.o(.revsh_text), (4 bytes).
    Removing isr.o(.rev16_text), (4 bytes).
    Removing isr.o(.revsh_text), (4 bytes).
    Removing led.o(.rev16_text), (4 bytes).
    Removing led.o(.revsh_text), (4 bytes).
    Removing pid.o(.text), (372 bytes).
    Removing pid.o(.bss), (60 bytes).
    Removing cntl.o(.rev16_text), (4 bytes).
    Removing cntl.o(.revsh_text), (4 bytes).
    Removing ccd.o(.rev16_text), (4 bytes).
    Removing ccd.o(.revsh_text), (4 bytes).
    Removing pwm.o(.rev16_text), (4 bytes).
    Removing pwm.o(.revsh_text), (4 bytes).
    Removing fadd.o(.text), (178 bytes).
    Removing fmul.o(.text), (122 bytes).
    Removing fflti.o(.text), (22 bytes).
    Removing ffixi.o(.text), (50 bytes).
    Removing cfrcmple.o(.text), (20 bytes).
    Removing fepilogue.o(.text), (130 bytes).
    Removing ddiv.o(.text), (240 bytes).
    Removing dfixul.o(.text), (64 bytes).
    Removing cdrcmple.o(.text), (40 bytes).

38 unused section(s) (total 1402 bytes) removed from the image.

==============================================================================

Image Symbol Table

    Local Symbols

    Symbol Name                              Value     Ov Type        Size  Object(Section)

    RESET                                    0x00000000   Section      192  startup_mkl25z4.o(RESET)
    ../clib/microlib/division.c              0x00000000   Number         0  idiv.o ABSOLUTE
    ../clib/microlib/division.c              0x00000000   Number         0  uidiv.o ABSOLUTE
    ../clib/microlib/division.c              0x00000000   Number         0  uldiv.o ABSOLUTE
    ../clib/microlib/init/entry.s            0x00000000   Number         0  entry9a.o ABSOLUTE
    ../clib/microlib/init/entry.s            0x00000000   Number         0  entry10a.o ABSOLUTE
    ../clib/microlib/init/entry.s            0x00000000   Number         0  entry7b.o ABSOLUTE
    ../clib/microlib/init/entry.s            0x00000000   Number         0  entry8b.o ABSOLUTE
    ../clib/microlib/init/entry.s            0x00000000   Number         0  entry8a.o ABSOLUTE
    ../clib/microlib/init/entry.s            0x00000000   Number         0  entry.o ABSOLUTE
    ../clib/microlib/init/entry.s            0x00000000   Number         0  entry9b.o ABSOLUTE
    ../clib/microlib/init/entry.s            0x00000000   Number         0  entry10b.o ABSOLUTE
    ../clib/microlib/init/entry.s            0x00000000   Number         0  entry11b.o ABSOLUTE
    ../clib/microlib/init/entry.s            0x00000000   Number         0  entry11a.o ABSOLUTE
    ../clib/microlib/init/entry.s            0x00000000   Number         0  entry7a.o ABSOLUTE
    ../clib/microlib/init/entry.s            0x00000000   Number         0  entry5.o ABSOLUTE
    ../clib/microlib/init/entry.s            0x00000000   Number         0  entry2.o ABSOLUTE
    ../clib/microlib/longlong.c              0x00000000   Number         0  llushr.o ABSOLUTE
    ../clib/microlib/longlong.c              0x00000000   Number         0  llshl.o ABSOLUTE
    ../clib/microlib/longlong.c              0x00000000   Number         0  llsshr.o ABSOLUTE
    ../clib/microlib/printf/printf.c         0x00000000   Number         0  printf4.o ABSOLUTE
    ../clib/microlib/printf/printf.c         0x00000000   Number         0  printf5.o ABSOLUTE
    ../clib/microlib/printf/printf.c         0x00000000   Number         0  printf0.o ABSOLUTE
    ../clib/microlib/printf/printf.c         0x00000000   Number         0  printf8.o ABSOLUTE
    ../clib/microlib/printf/printf.c         0x00000000   Number         0  printf7.o ABSOLUTE
    ../clib/microlib/printf/printf.c         0x00000000   Number         0  printf6.o ABSOLUTE
    ../clib/microlib/printf/printf.c         0x00000000   Number         0  printfa.o ABSOLUTE
    ../clib/microlib/printf/printf.c         0x00000000   Number         0  printfb.o ABSOLUTE
    ../clib/microlib/printf/printf.c         0x00000000   Number         0  printf3.o ABSOLUTE
    ../clib/microlib/printf/printf.c         0x00000000   Number         0  printf2.o ABSOLUTE
    ../clib/microlib/printf/printf.c         0x00000000   Number         0  printf1.o ABSOLUTE
    ../clib/microlib/printf/stubs.s          0x00000000   Number         0  stubs.o ABSOLUTE
    ../clib/microlib/stdio/fputc.c           0x00000000   Number         0  fputc.o ABSOLUTE
    ../clib/microlib/stdio/semi.s            0x00000000   Number         0  semi.o ABSOLUTE
    ../clib/microlib/stdio/streams.c         0x00000000   Number         0  stdout.o ABSOLUTE
    ../clib/microlib/stubs.s                 0x00000000   Number         0  iusesemip.o ABSOLUTE
    ../clib/microlib/stubs.s                 0x00000000   Number         0  iusefp.o ABSOLUTE
    ../fplib/microlib/fpadd.c                0x00000000   Number         0  fadd.o ABSOLUTE
    ../fplib/microlib/fpadd.c                0x00000000   Number         0  dadd.o ABSOLUTE
    ../fplib/microlib/fpdiv.c                0x00000000   Number         0  ddiv.o ABSOLUTE
    ../fplib/microlib/fpepilogue.c           0x00000000   Number         0  fepilogue.o ABSOLUTE
    ../fplib/microlib/fpepilogue.c           0x00000000   Number         0  depilogue.o ABSOLUTE
    ../fplib/microlib/fpfix.c                0x00000000   Number         0  dfixul.o ABSOLUTE
    ../fplib/microlib/fpfix.c                0x00000000   Number         0  ffixi.o ABSOLUTE
    ../fplib/microlib/fpfix.c                0x00000000   Number         0  dfixi.o ABSOLUTE
    ../fplib/microlib/fpflt.c                0x00000000   Number         0  dflti.o ABSOLUTE
    ../fplib/microlib/fpflt.c                0x00000000   Number         0  fflti.o ABSOLUTE
    ../fplib/microlib/fpmul.c                0x00000000   Number         0  dmul.o ABSOLUTE
    ../fplib/microlib/fpmul.c                0x00000000   Number         0  fmul.o ABSOLUTE
    ..\SRC\DEVICES\ccd.c                     0x00000000   Number         0  ccd.o ABSOLUTE
    ..\SRC\DEVICES\cntl.c                    0x00000000   Number         0  cntl.o ABSOLUTE
    ..\SRC\DEVICES\isr.c                     0x00000000   Number         0  isr.o ABSOLUTE
    ..\SRC\DEVICES\led.c                     0x00000000   Number         0  led.o ABSOLUTE
    ..\SRC\DEVICES\pid.c                     0x00000000   Number         0  pid.o ABSOLUTE
    ..\SRC\DEVICES\pwm.c                     0x00000000   Number         0  pwm.o ABSOLUTE
    ..\SRC\DRIVERS\adc.c                     0x00000000   Number         0  adc.o ABSOLUTE
    ..\SRC\DRIVERS\delay.c                   0x00000000   Number         0  delay.o ABSOLUTE
    ..\SRC\DRIVERS\gpio.c                    0x00000000   Number         0  gpio.o ABSOLUTE
    ..\SRC\DRIVERS\pit.c                     0x00000000   Number         0  pit.o ABSOLUTE
    ..\SRC\DRIVERS\sys.c                     0x00000000   Number         0  sys.o ABSOLUTE
    ..\SRC\DRIVERS\uart.c                    0x00000000   Number         0  uart.o ABSOLUTE
    ..\SRC\STARTUP\DeviceSupport\startup_MKL25Z4.s 0x00000000   Number         0  startup_mkl25z4.o ABSOLUTE
    ..\SRC\STARTUP\DeviceSupport\system_MKL25Z4.c 0x00000000   Number         0  system_mkl25z4.o ABSOLUTE
    ..\SRC\USER\main.c                       0x00000000   Number         0  main.o ABSOLUTE
    ..\\SRC\\DEVICES\\ccd.c                  0x00000000   Number         0  ccd.o ABSOLUTE
    ..\\SRC\\DEVICES\\cntl.c                 0x00000000   Number         0  cntl.o ABSOLUTE
    ..\\SRC\\DEVICES\\isr.c                  0x00000000   Number         0  isr.o ABSOLUTE
    ..\\SRC\\DEVICES\\led.c                  0x00000000   Number         0  led.o ABSOLUTE
    ..\\SRC\\DEVICES\\pwm.c                  0x00000000   Number         0  pwm.o ABSOLUTE
    ..\\SRC\\DRIVERS\\adc.c                  0x00000000   Number         0  adc.o ABSOLUTE
    ..\\SRC\\DRIVERS\\delay.c                0x00000000   Number         0  delay.o ABSOLUTE
    ..\\SRC\\DRIVERS\\gpio.c                 0x00000000   Number         0  gpio.o ABSOLUTE
    ..\\SRC\\DRIVERS\\pit.c                  0x00000000   Number         0  pit.o ABSOLUTE
    ..\\SRC\\DRIVERS\\sys.c                  0x00000000   Number         0  sys.o ABSOLUTE
    ..\\SRC\\DRIVERS\\uart.c                 0x00000000   Number         0  uart.o ABSOLUTE
    ..\\SRC\\STARTUP\\DeviceSupport\\system_MKL25Z4.c 0x00000000   Number         0  system_mkl25z4.o ABSOLUTE
    ..\\SRC\\USER\\main.c                    0x00000000   Number         0  main.o ABSOLUTE
    cdrcmple.s                               0x00000000   Number         0  cdrcmple.o ABSOLUTE
    cfrcmple.s                               0x00000000   Number         0  cfrcmple.o ABSOLUTE
    dc.s                                     0x00000000   Number         0  dc.o ABSOLUTE
    handlers.s                               0x00000000   Number         0  handlers.o ABSOLUTE
    init.s                                   0x00000000   Number         0  init.o ABSOLUTE
    .ARM.Collect$$$$00000000                 0x000000c0   Section        0  entry.o(.ARM.Collect$$$$00000000)
    .ARM.Collect$$$$00000001                 0x000000c0   Section        4  entry2.o(.ARM.Collect$$$$00000001)
    .ARM.Collect$$$$00000004                 0x000000c4   Section        4  entry5.o(.ARM.Collect$$$$00000004)
    .ARM.Collect$$$$00000008                 0x000000c8   Section        0  entry7b.o(.ARM.Collect$$$$00000008)
    .ARM.Collect$$$$0000000A                 0x000000c8   Section        0  entry8b.o(.ARM.Collect$$$$0000000A)
    .ARM.Collect$$$$0000000B                 0x000000c8   Section        8  entry9a.o(.ARM.Collect$$$$0000000B)
    .ARM.Collect$$$$0000000D                 0x000000d0   Section        0  entry10a.o(.ARM.Collect$$$$0000000D)
    .ARM.Collect$$$$0000000F                 0x000000d0   Section        0  entry11a.o(.ARM.Collect$$$$0000000F)
    .ARM.Collect$$$$00002712                 0x000000d0   Section        4  entry2.o(.ARM.Collect$$$$00002712)
    __lit__00000000                          0x000000d0   Data           4  entry2.o(.ARM.Collect$$$$00002712)
    .text                                    0x000000d4   Section        0  system_mkl25z4.o(.text)
    .text                                    0x0000028c   Section       28  startup_mkl25z4.o(.text)
    .text                                    0x000002a8   Section        0  main.o(.text)
    .text                                    0x00000314   Section        0  isr.o(.text)
    TwinkleLED_Callback                      0x00000343   Thumb Code    26  isr.o(.text)
    .text                                    0x00000388   Section        0  led.o(.text)
    .text                                    0x000003b6   Section        0  uidiv.o(.text)
    .text                                    0x000003e2   Section        0  iusefp.o(.text)
    i.__ARM_common_switch8                   0x000003e2   Section        0  system_mkl25z4.o(i.__ARM_common_switch8)
    i.__scatterload_null                     0x000003fe   Section        2  handlers.o(i.__scatterload_null)
    .ARM.__at_0x400                          0x00000400   Section       16  startup_mkl25z4.o(.ARM.__at_0x400)
    .text                                    0x00000410   Section        0  pit.o(.text)
    .text                                    0x00000548   Section        0  sys.o(.text)
    .text                                    0x00000bec   Section        0  adc.o(.text)
    ADC_Cal                                  0x00000bed   Thumb Code   192  adc.o(.text)
    .text                                    0x00000e78   Section        0  uart.o(.text)
    UART_puts                                0x000010f7   Thumb Code    26  uart.o(.text)
    printn                                   0x00001111   Thumb Code    62  uart.o(.text)
    .text                                    0x00001808   Section        0  gpio.o(.text)
    .text                                    0x00001b40   Section        0  delay.o(.text)
    .text                                    0x00001c34   Section        0  cntl.o(.text)
    get_leftboder                            0x00001cb7   Thumb Code    62  cntl.o(.text)
    get_rightboder                           0x00001cf5   Thumb Code    62  cntl.o(.text)
    .text                                    0x00001ed4   Section        0  ccd.o(.text)
    .text                                    0x000020e0   Section        0  pwm.o(.text)
    StartSpeed_Init                          0x00002209   Thumb Code   128  pwm.o(.text)
    .text                                    0x0000236c   Section        0  idiv.o(.text)
    .text                                    0x00002394   Section        0  dadd.o(.text)
    .text                                    0x000024f8   Section        0  dmul.o(.text)
    .text                                    0x000025c8   Section        0  dflti.o(.text)
    .text                                    0x000025f0   Section        0  dfixi.o(.text)
    .text                                    0x00002638   Section        0  uldiv.o(.text)
    .text                                    0x00002698   Section        0  llshl.o(.text)
    .text                                    0x000026b8   Section        0  llushr.o(.text)
    .text                                    0x000026da   Section        0  llsshr.o(.text)
    .text                                    0x00002700   Section        0  depilogue.o(.text)
    .text                                    0x000027c0   Section       36  init.o(.text)
    i.__0sprintf$8                           0x000027e4   Section        0  printf8.o(i.__0sprintf$8)
    i.__ARM_clz                              0x0000280c   Section        0  depilogue.o(i.__ARM_clz)
    i.__scatterload_copy                     0x0000283a   Section       14  handlers.o(i.__scatterload_copy)
    i.__scatterload_zeroinit                 0x00002848   Section       14  handlers.o(i.__scatterload_zeroinit)
    i._printf_core                           0x00002858   Section        0  printf8.o(i._printf_core)
    _printf_core                             0x00002859   Thumb Code  1020  printf8.o(i._printf_core)
    i._printf_post_padding                   0x00002c80   Section        0  printf8.o(i._printf_post_padding)
    _printf_post_padding                     0x00002c81   Thumb Code    32  printf8.o(i._printf_post_padding)
    i._printf_pre_padding                    0x00002ca0   Section        0  printf8.o(i._printf_pre_padding)
    _printf_pre_padding                      0x00002ca1   Thumb Code    44  printf8.o(i._printf_pre_padding)
    i._sputc                                 0x00002ccc   Section        0  printf8.o(i._sputc)
    _sputc                                   0x00002ccd   Thumb Code    10  printf8.o(i._sputc)
    .constdata                               0x00002cd6   Section      260  cntl.o(.constdata)
    .conststring                             0x00002ddc   Section       17  uart.o(.conststring)
    .data                                    0x20000000   Section        4  system_mkl25z4.o(.data)
    .data                                    0x20000004   Section        8  uart.o(.data)
    ntab                                     0x20000008   Data           4  uart.o(.data)
    .data                                    0x2000000c   Section        8  delay.o(.data)
    m                                        0x2000000c   Data           1  delay.o(.data)
    n                                        0x20000010   Data           4  delay.o(.data)
    .data                                    0x20000018   Section       48  cntl.o(.data)
    .data                                    0x20000048   Section       24  ccd.o(.data)
    .bss                                     0x20000060   Section       36  sys.o(.bss)
    .bss                                     0x20000084   Section      128  cntl.o(.bss)
    STACK                                    0x20000108   Section     1024  startup_mkl25z4.o(STACK)

    Global Symbols

    Symbol Name                              Value     Ov Type        Size  Object(Section)

    BuildAttributes$$THM_ISAv3M$S$PE$A:L22$X:L11$S22$IEEE1$IW$USESV6$~STKCKD$USESV7$~SHL$OTIME$ROPI$EBA8$MICROLIB$REQ8$PRES8$EABIv2 0x00000000   Number         0  anon$$obj.o ABSOLUTE
    __ARM_use_no_argv                        0x00000000   Number         0  main.o ABSOLUTE
    __Vectors                                0x00000000   Data           4  startup_mkl25z4.o(RESET)
    _printf_a                                0x00000000   Number         0  stubs.o ABSOLUTE
    _printf_c                                0x00000000   Number         0  stubs.o ABSOLUTE
    _printf_charcount                        0x00000000   Number         0  stubs.o ABSOLUTE
    _printf_d                                0x00000000   Number         0  stubs.o ABSOLUTE
    _printf_e                                0x00000000   Number         0  stubs.o ABSOLUTE
    _printf_f                                0x00000000   Number         0  stubs.o ABSOLUTE
    _printf_flags                            0x00000000   Number         0  stubs.o ABSOLUTE
    _printf_fp_dec                           0x00000000   Number         0  stubs.o ABSOLUTE
    _printf_fp_hex                           0x00000000   Number         0  stubs.o ABSOLUTE
    _printf_g                                0x00000000   Number         0  stubs.o ABSOLUTE
    _printf_i                                0x00000000   Number         0  stubs.o ABSOLUTE
    _printf_int_dec                          0x00000000   Number         0  stubs.o ABSOLUTE
    _printf_l                                0x00000000   Number         0  stubs.o ABSOLUTE
    _printf_lc                               0x00000000   Number         0  stubs.o ABSOLUTE
    _printf_ll                               0x00000000   Number         0  stubs.o ABSOLUTE
    _printf_lld                              0x00000000   Number         0  stubs.o ABSOLUTE
    _printf_lli                              0x00000000   Number         0  stubs.o ABSOLUTE
    _printf_llo                              0x00000000   Number         0  stubs.o ABSOLUTE
    _printf_llu                              0x00000000   Number         0  stubs.o ABSOLUTE
    _printf_llx                              0x00000000   Number         0  stubs.o ABSOLUTE
    _printf_longlong_dec                     0x00000000   Number         0  stubs.o ABSOLUTE
    _printf_longlong_hex                     0x00000000   Number         0  stubs.o ABSOLUTE
    _printf_longlong_oct                     0x00000000   Number         0  stubs.o ABSOLUTE
    _printf_ls                               0x00000000   Number         0  stubs.o ABSOLUTE
    _printf_mbtowc                           0x00000000   Number         0  stubs.o ABSOLUTE
    _printf_n                                0x00000000   Number         0  stubs.o ABSOLUTE
    _printf_o                                0x00000000   Number         0  stubs.o ABSOLUTE
    _printf_p                                0x00000000   Number         0  stubs.o ABSOLUTE
    _printf_percent                          0x00000000   Number         0  stubs.o ABSOLUTE
    _printf_pre_padding                      0x00000000   Number         0  stubs.o ABSOLUTE
    _printf_return_value                     0x00000000   Number         0  stubs.o ABSOLUTE
    _printf_s                                0x00000000   Number         0  stubs.o ABSOLUTE
    _printf_sizespec                         0x00000000   Number         0  stubs.o ABSOLUTE
    _printf_str                              0x00000000   Number         0  stubs.o ABSOLUTE
    _printf_truncate_signed                  0x00000000   Number         0  stubs.o ABSOLUTE
    _printf_truncate_unsigned                0x00000000   Number         0  stubs.o ABSOLUTE
    _printf_u                                0x00000000   Number         0  stubs.o ABSOLUTE
    _printf_wc                               0x00000000   Number         0  stubs.o ABSOLUTE
    _printf_wctomb                           0x00000000   Number         0  stubs.o ABSOLUTE
    _printf_widthprec                        0x00000000   Number         0  stubs.o ABSOLUTE
    _printf_x                                0x00000000   Number         0  stubs.o ABSOLUTE
    __cpp_initialize__aeabi_                  - Undefined Weak Reference
    __cxa_finalize                            - Undefined Weak Reference
    __decompress                              - Undefined Weak Reference
    _clock_init                               - Undefined Weak Reference
    _microlib_exit                            - Undefined Weak Reference
    __Vectors_End                            0x000000c0   Data           0  startup_mkl25z4.o(RESET)
    __Vectors_Size                           0x000000c0   Number         0  startup_mkl25z4.o ABSOLUTE
    __main                                   0x000000c1   Thumb Code     0  entry.o(.ARM.Collect$$$$00000000)
    _main_stk                                0x000000c1   Thumb Code     0  entry2.o(.ARM.Collect$$$$00000001)
    _main_scatterload                        0x000000c5   Thumb Code     0  entry5.o(.ARM.Collect$$$$00000004)
    __main_after_scatterload                 0x000000c9   Thumb Code     0  entry5.o(.ARM.Collect$$$$00000004)
    _main_clock                              0x000000c9   Thumb Code     0  entry7b.o(.ARM.Collect$$$$00000008)
    _main_cpp_init                           0x000000c9   Thumb Code     0  entry8b.o(.ARM.Collect$$$$0000000A)
    _main_init                               0x000000c9   Thumb Code     0  entry9a.o(.ARM.Collect$$$$0000000B)
    __rt_final_cpp                           0x000000d1   Thumb Code     0  entry10a.o(.ARM.Collect$$$$0000000D)
    __rt_final_exit                          0x000000d1   Thumb Code     0  entry11a.o(.ARM.Collect$$$$0000000F)
    SystemInit                               0x000000d5   Thumb Code    86  system_mkl25z4.o(.text)
    SystemCoreClockUpdate                    0x0000012b   Thumb Code   322  system_mkl25z4.o(.text)
    Reset_Handler                            0x0000028d   Thumb Code     8  startup_mkl25z4.o(.text)
    NMI_Handler                              0x00000295   Thumb Code     2  startup_mkl25z4.o(.text)
    HardFault_Handler                        0x00000297   Thumb Code     2  startup_mkl25z4.o(.text)
    SVC_Handler                              0x00000299   Thumb Code     2  startup_mkl25z4.o(.text)
    PendSV_Handler                           0x0000029b   Thumb Code     2  startup_mkl25z4.o(.text)
    SysTick_Handler                          0x0000029d   Thumb Code     2  startup_mkl25z4.o(.text)
    ADC0_IRQHandler                          0x0000029f   Thumb Code     0  startup_mkl25z4.o(.text)
    CMP0_IRQHandler                          0x0000029f   Thumb Code     0  startup_mkl25z4.o(.text)
    DAC0_IRQHandler                          0x0000029f   Thumb Code     0  startup_mkl25z4.o(.text)
    DMA0_IRQHandler                          0x0000029f   Thumb Code     0  startup_mkl25z4.o(.text)
    DMA1_IRQHandler                          0x0000029f   Thumb Code     0  startup_mkl25z4.o(.text)
    DMA2_IRQHandler                          0x0000029f   Thumb Code     0  startup_mkl25z4.o(.text)
    DMA3_IRQHandler                          0x0000029f   Thumb Code     0  startup_mkl25z4.o(.text)
    DefaultISR                               0x0000029f   Thumb Code     0  startup_mkl25z4.o(.text)
    FTFA_IRQHandler                          0x0000029f   Thumb Code     0  startup_mkl25z4.o(.text)
    I2C0_IRQHandler                          0x0000029f   Thumb Code     0  startup_mkl25z4.o(.text)
    I2C1_IRQHandler                          0x0000029f   Thumb Code     0  startup_mkl25z4.o(.text)
    LLW_IRQHandler                           0x0000029f   Thumb Code     0  startup_mkl25z4.o(.text)
    LVD_LVW_IRQHandler                       0x0000029f   Thumb Code     0  startup_mkl25z4.o(.text)
    MCG_IRQHandler                           0x0000029f   Thumb Code     0  startup_mkl25z4.o(.text)
    PORTA_IRQHandler                         0x0000029f   Thumb Code     0  startup_mkl25z4.o(.text)
    PORTD_IRQHandler                         0x0000029f   Thumb Code     0  startup_mkl25z4.o(.text)
    RTC_IRQHandler                           0x0000029f   Thumb Code     0  startup_mkl25z4.o(.text)
    RTC_Seconds_IRQHandler                   0x0000029f   Thumb Code     0  startup_mkl25z4.o(.text)
    Reserved20_IRQHandler                    0x0000029f   Thumb Code     0  startup_mkl25z4.o(.text)
    Reserved39_IRQHandler                    0x0000029f   Thumb Code     0  startup_mkl25z4.o(.text)
    Reserved45_IRQHandler                    0x0000029f   Thumb Code     0  startup_mkl25z4.o(.text)
    SPI0_IRQHandler                          0x0000029f   Thumb Code     0  startup_mkl25z4.o(.text)
    SPI1_IRQHandler                          0x0000029f   Thumb Code     0  startup_mkl25z4.o(.text)
    TPM0_IRQHandler                          0x0000029f   Thumb Code     0  startup_mkl25z4.o(.text)
    TPM1_IRQHandler                          0x0000029f   Thumb Code     0  startup_mkl25z4.o(.text)
    TPM2_IRQHandler                          0x0000029f   Thumb Code     0  startup_mkl25z4.o(.text)
    TSI0_IRQHandler                          0x0000029f   Thumb Code     0  startup_mkl25z4.o(.text)
    UART0_IRQHandler                         0x0000029f   Thumb Code     0  startup_mkl25z4.o(.text)
    UART1_IRQHandler                         0x0000029f   Thumb Code     0  startup_mkl25z4.o(.text)
    UART2_IRQHandler                         0x0000029f   Thumb Code     0  startup_mkl25z4.o(.text)
    USB0_IRQHandler                          0x0000029f   Thumb Code     0  startup_mkl25z4.o(.text)
    main                                     0x000002a9   Thumb Code    92  main.o(.text)
    Config_PIT                               0x00000315   Thumb Code    46  isr.o(.text)
    PIT_IRQHandler                           0x0000035d   Thumb Code    16  isr.o(.text)
    LPTimer_IRQHandler                       0x0000036d   Thumb Code    14  isr.o(.text)
    LEDInit                                  0x00000389   Thumb Code    30  led.o(.text)
    TwinkleLed                               0x000003a7   Thumb Code    16  led.o(.text)
    __aeabi_uidiv                            0x000003b7   Thumb Code     0  uidiv.o(.text)
    __aeabi_uidivmod                         0x000003b7   Thumb Code    44  uidiv.o(.text)
    __ARM_common_switch8                     0x000003e3   Thumb Code    28  system_mkl25z4.o(i.__ARM_common_switch8)
    __I$use$fp                               0x000003e3   Thumb Code     0  iusefp.o(.text)
    __scatterload_null                       0x000003ff   Thumb Code     2  handlers.o(i.__scatterload_null)
    PIT_Init                                 0x00000411   Thumb Code   110  pit.o(.text)
    PIT_GetLoadValue                         0x0000047f   Thumb Code    10  pit.o(.text)
    PIT_GetCurrentValue                      0x00000489   Thumb Code    12  pit.o(.text)
    PIT_SetLoadValue                         0x00000495   Thumb Code     8  pit.o(.text)
    PIT_Start                                0x0000049d   Thumb Code    22  pit.o(.text)
    PIT_Stop                                 0x000004b3   Thumb Code    22  pit.o(.text)
    PIT_ITConfig                             0x000004c9   Thumb Code    54  pit.o(.text)
    PIT_GetITStatus                          0x000004ff   Thumb Code    34  pit.o(.text)
    PIT_ClearITPendingBit                    0x00000521   Thumb Code    24  pit.o(.text)
    GetCPUInfo                               0x00000549   Thumb Code   688  sys.o(.text)
    PinMuxConfig                             0x000007f9   Thumb Code   376  sys.o(.text)
    SystemClockSetup                         0x00000971   Thumb Code   526  sys.o(.text)
    NVIC_Init                                0x00000b7f   Thumb Code     2  sys.o(.text)
    SystemSoftReset                          0x00000b81   Thumb Code    22  sys.o(.text)
    EnableInterrupts                         0x00000b97   Thumb Code     4  sys.o(.text)
    DisableInterrupts                        0x00000b9b   Thumb Code     4  sys.o(.text)
    SetVectorTable                           0x00000b9f   Thumb Code     6  sys.o(.text)
    GetFWVersion                             0x00000ba5   Thumb Code     4  sys.o(.text)
    ADC_Init                                 0x00000cad   Thumb Code   216  adc.o(.text)
    ADC_ITConfig                             0x00000d85   Thumb Code    44  adc.o(.text)
    ADC_DMACmd                               0x00000db1   Thumb Code    36  adc.o(.text)
    ADC_GetConversionValue                   0x00000dd5   Thumb Code    94  adc.o(.text)
    ADC_GetITStatus                          0x00000e33   Thumb Code    34  adc.o(.text)
    ADC_ClearITPendingBit                    0x00000e55   Thumb Code    28  adc.o(.text)
    UART_Init                                0x00000e79   Thumb Code   398  uart.o(.text)
    UART_PortInit                            0x00001007   Thumb Code    78  uart.o(.text)
    UART_SendData                            0x00001055   Thumb Code    78  uart.o(.text)
    UART_ReceiveData                         0x000010a3   Thumb Code    84  uart.o(.text)
    UART_printf                              0x0000114f   Thumb Code   110  uart.o(.text)
    Normalized_U8                            0x000011bd   Thumb Code    18  uart.o(.text)
    DisplayCPUInfo                           0x000011cf   Thumb Code   674  uart.o(.text)
    UART_ITConfig                            0x00001471   Thumb Code   284  uart.o(.text)
    UART_GetITStatus                         0x0000158d   Thumb Code   214  uart.o(.text)
    GPIO_Init                                0x00001809   Thumb Code   422  gpio.o(.text)
    GPIO_GetITStates                         0x000019af   Thumb Code    86  gpio.o(.text)
    GPIO_ClearITPendingBit                   0x00001a05   Thumb Code   142  gpio.o(.text)
    GPIO_StructInit                          0x00001a93   Thumb Code    10  gpio.o(.text)
    GPIO_WriteBit                            0x00001a9d   Thumb Code    30  gpio.o(.text)
    GPIO_SetBits                             0x00001abb   Thumb Code    12  gpio.o(.text)
    GPIO_ResetBits                           0x00001ac7   Thumb Code    12  gpio.o(.text)
    GPIO_ToggleBit                           0x00001ad3   Thumb Code    12  gpio.o(.text)
    GPIO_Write                               0x00001adf   Thumb Code     4  gpio.o(.text)
    GPIO_ReadOutputDataBit                   0x00001ae3   Thumb Code    24  gpio.o(.text)
    GPIO_ReadOutputData                      0x00001afb   Thumb Code     8  gpio.o(.text)
    GPIO_ReadInputDataBit                    0x00001b03   Thumb Code    24  gpio.o(.text)
    GPIO_ReadInputData                       0x00001b1b   Thumb Code     6  gpio.o(.text)
    DelayInit                                0x00001b41   Thumb Code    48  delay.o(.text)
    DelayUs                                  0x00001b71   Thumb Code    66  delay.o(.text)
    DelayMs                                  0x00001bb3   Thumb Code    78  delay.o(.text)
    SamplingDelay                            0x00001c01   Thumb Code    32  delay.o(.text)
    Mid_Filter                               0x00001c35   Thumb Code   130  cntl.o(.text)
    Get_Mid                                  0x00001d33   Thumb Code   146  cntl.o(.text)
    Steer_PIDx                               0x00001dc5   Thumb Code   236  cntl.o(.text)
    CCDInit                                  0x00001ed5   Thumb Code    78  ccd.o(.text)
    CCD_GetImage                             0x00001f23   Thumb Code   100  ccd.o(.text)
    SendImage                                0x00001f87   Thumb Code    62  ccd.o(.text)
    getThreshold                             0x00001fc5   Thumb Code    68  ccd.o(.text)
    SendHex                                  0x00002009   Thumb Code    72  ccd.o(.text)
    SendImageData                            0x00002051   Thumb Code    90  ccd.o(.text)
    PWMPortInit                              0x000020e1   Thumb Code    28  pwm.o(.text)
    PWMInit                                  0x000020fd   Thumb Code   214  pwm.o(.text)
    PWMOutput                                0x000021d3   Thumb Code    54  pwm.o(.text)
    Steer_Init                               0x00002289   Thumb Code    22  pwm.o(.text)
    Steer_Out                                0x0000229f   Thumb Code    30  pwm.o(.text)
    Motor_Init                               0x000022bd   Thumb Code    98  pwm.o(.text)
    Motor_Forward                            0x0000231f   Thumb Code    14  pwm.o(.text)
    Motor_Backward                           0x0000232d   Thumb Code    14  pwm.o(.text)
    __aeabi_idiv                             0x0000236d   Thumb Code     0  idiv.o(.text)
    __aeabi_idivmod                          0x0000236d   Thumb Code    40  idiv.o(.text)
    __aeabi_dadd                             0x00002395   Thumb Code   328  dadd.o(.text)
    __aeabi_dsub                             0x000024dd   Thumb Code    12  dadd.o(.text)
    __aeabi_drsub                            0x000024e9   Thumb Code    12  dadd.o(.text)
    __aeabi_dmul                             0x000024f9   Thumb Code   202  dmul.o(.text)
    __aeabi_i2d                              0x000025c9   Thumb Code    34  dflti.o(.text)
    __aeabi_d2iz                             0x000025f1   Thumb Code    62  dfixi.o(.text)
    __aeabi_uldivmod                         0x00002639   Thumb Code    96  uldiv.o(.text)
    __aeabi_llsl                             0x00002699   Thumb Code    32  llshl.o(.text)
    _ll_shift_l                              0x00002699   Thumb Code     0  llshl.o(.text)
    __aeabi_llsr                             0x000026b9   Thumb Code    34  llushr.o(.text)
    _ll_ushift_r                             0x000026b9   Thumb Code     0  llushr.o(.text)
    __aeabi_lasr                             0x000026db   Thumb Code    38  llsshr.o(.text)
    _ll_sshift_r                             0x000026db   Thumb Code     0  llsshr.o(.text)
    _double_round                            0x00002701   Thumb Code    26  depilogue.o(.text)
    _double_epilogue                         0x0000271b   Thumb Code   164  depilogue.o(.text)
    __scatterload                            0x000027c1   Thumb Code    28  init.o(.text)
    __scatterload_rt2                        0x000027c1   Thumb Code     0  init.o(.text)
    __0sprintf$8                             0x000027e5   Thumb Code    36  printf8.o(i.__0sprintf$8)
    __1sprintf$8                             0x000027e5   Thumb Code     0  printf8.o(i.__0sprintf$8)
    __2sprintf                               0x000027e5   Thumb Code     0  printf8.o(i.__0sprintf$8)
    __ARM_clz                                0x0000280d   Thumb Code    46  depilogue.o(i.__ARM_clz)
    __scatterload_copy                       0x0000283b   Thumb Code    14  handlers.o(i.__scatterload_copy)
    __scatterload_zeroinit                   0x00002849   Thumb Code    14  handlers.o(i.__scatterload_zeroinit)
    CENTER                                   0x00002cd6   Data           1  cntl.o(.constdata)
    THRESHOLD                                0x00002cd7   Data           1  cntl.o(.constdata)
    YUZI                                     0x00002cd8   Data           1  cntl.o(.constdata)
    duty                                     0x00002cda   Data         256  cntl.o(.constdata)
    Region$$Table$$Base                      0x00002df0   Number         0  anon$$obj.o(Region$$Table)
    Region$$Table$$Limit                     0x00002e10   Number         0  anon$$obj.o(Region$$Table)
    SystemCoreClock                          0x20000000   Data           4  system_mkl25z4.o(.data)
    UART_DebugPort                           0x20000004   Data           4  uart.o(.data)
    MID                                      0x20000018   Data           1  cntl.o(.data)
    OFFSET                                   0x20000019   Data           1  cntl.o(.data)
    m                                        0x2000001c   Data          16  cntl.o(.data)
    servo                                    0x2000002c   Data           4  cntl.o(.data)
    Kp                                       0x20000030   Data           8  cntl.o(.data)
    Ki                                       0x20000038   Data           8  cntl.o(.data)
    Kd                                       0x20000040   Data           8  cntl.o(.data)
    CCDParSet                                0x20000048   Data          24  ccd.o(.data)
    CPUInfo                                  0x20000060   Data          36  sys.o(.bss)
    IMAGE                                    0x20000084   Data         128  cntl.o(.bss)
    __initial_sp                             0x20000508   Data           0  startup_mkl25z4.o(STACK)



==============================================================================

Memory Map of the image

  Image Entry point : 0x000000c1

  Load Region LR_IROM1 (Base: 0x00000000, Size: 0x00002e70, Max: 0x00020000, ABSOLUTE)

    Execution Region ER_IROM1 (Base: 0x00000000, Size: 0x00002e10, Max: 0x00020000, ABSOLUTE)

    Base Addr    Size         Type   Attr      Idx    E Section Name        Object

    0x00000000   0x000000c0   Data   RO           49    RESET               startup_mkl25z4.o
    0x000000c0   0x00000000   Code   RO          388  * .ARM.Collect$$$$00000000  mc_p.l(entry.o)
    0x000000c0   0x00000004   Code   RO          674    .ARM.Collect$$$$00000001  mc_p.l(entry2.o)
    0x000000c4   0x00000004   Code   RO          677    .ARM.Collect$$$$00000004  mc_p.l(entry5.o)
    0x000000c8   0x00000000   Code   RO          679    .ARM.Collect$$$$00000008  mc_p.l(entry7b.o)
    0x000000c8   0x00000000   Code   RO          681    .ARM.Collect$$$$0000000A  mc_p.l(entry8b.o)
    0x000000c8   0x00000008   Code   RO          682    .ARM.Collect$$$$0000000B  mc_p.l(entry9a.o)
    0x000000d0   0x00000000   Code   RO          684    .ARM.Collect$$$$0000000D  mc_p.l(entry10a.o)
    0x000000d0   0x00000000   Code   RO          686    .ARM.Collect$$$$0000000F  mc_p.l(entry11a.o)
    0x000000d0   0x00000004   Code   RO          675    .ARM.Collect$$$$00002712  mc_p.l(entry2.o)
    0x000000d4   0x000001b8   Code   RO            3    .text               system_mkl25z4.o
    0x0000028c   0x0000001c   Code   RO           51    .text               startup_mkl25z4.o
    0x000002a8   0x0000006c   Code   RO           59    .text               main.o
    0x00000314   0x00000074   Code   RO          256    .text               isr.o
    0x00000388   0x0000002e   Code   RO          279    .text               led.o
    0x000003b6   0x0000002c   Code   RO          391    .text               mc_p.l(uidiv.o)
    0x000003e2   0x00000000   Code   RO          699    .text               mc_p.l(iusefp.o)
    0x000003e2   0x0000001c   Code   RO           22    i.__ARM_common_switch8  system_mkl25z4.o
    0x000003fe   0x00000002   Code   RO          719    i.__scatterload_null  mc_p.l(handlers.o)
    0x00000400   0x00000010   Code   RO           50    .ARM.__at_0x400     startup_mkl25z4.o
    0x00000410   0x00000138   Code   RO          121    .text               pit.o
    0x00000548   0x000006a4   Code   RO          141    .text               sys.o
    0x00000bec   0x0000028c   Code   RO          170    .text               adc.o
    0x00000e78   0x00000990   Code   RO          190    .text               uart.o
    0x00001808   0x00000338   Code   RO          214    .text               gpio.o
    0x00001b40   0x000000f4   Code   RO          234    .text               delay.o
    0x00001c34   0x000002a0   Code   RO          314    .text               cntl.o
    0x00001ed4   0x0000020c   Code   RO          343    .text               ccd.o
    0x000020e0   0x0000028c   Code   RO          370    .text               pwm.o
    0x0000236c   0x00000028   Code   RO          393    .text               mc_p.l(idiv.o)
    0x00002394   0x00000164   Code   RO          660    .text               mf_p.l(dadd.o)
    0x000024f8   0x000000d0   Code   RO          662    .text               mf_p.l(dmul.o)
    0x000025c8   0x00000028   Code   RO          666    .text               mf_p.l(dflti.o)
    0x000025f0   0x00000048   Code   RO          670    .text               mf_p.l(dfixi.o)
    0x00002638   0x00000060   Code   RO          691    .text               mc_p.l(uldiv.o)
    0x00002698   0x00000020   Code   RO          693    .text               mc_p.l(llshl.o)
    0x000026b8   0x00000022   Code   RO          695    .text               mc_p.l(llushr.o)
    0x000026da   0x00000026   Code   RO          697    .text               mc_p.l(llsshr.o)
    0x00002700   0x000000be   Code   RO          702    .text               mf_p.l(depilogue.o)
    0x000027be   0x00000002   PAD
    0x000027c0   0x00000024   Code   RO          712    .text               mc_p.l(init.o)
    0x000027e4   0x00000028   Code   RO          604    i.__0sprintf$8      mc_p.l(printf8.o)
    0x0000280c   0x0000002e   Code   RO          704    i.__ARM_clz         mf_p.l(depilogue.o)
    0x0000283a   0x0000000e   Code   RO          718    i.__scatterload_copy  mc_p.l(handlers.o)
    0x00002848   0x0000000e   Code   RO          720    i.__scatterload_zeroinit  mc_p.l(handlers.o)
    0x00002856   0x00000002   PAD
    0x00002858   0x00000428   Code   RO          609    i._printf_core      mc_p.l(printf8.o)
    0x00002c80   0x00000020   Code   RO          610    i._printf_post_padding  mc_p.l(printf8.o)
    0x00002ca0   0x0000002c   Code   RO          611    i._printf_pre_padding  mc_p.l(printf8.o)
    0x00002ccc   0x0000000a   Code   RO          613    i._sputc            mc_p.l(printf8.o)
    0x00002cd6   0x00000104   Data   RO          316    .constdata          cntl.o
    0x00002dda   0x00000002   PAD
    0x00002ddc   0x00000011   Data   RO          191    .conststring        uart.o
    0x00002ded   0x00000003   PAD
    0x00002df0   0x00000020   Data   RO          716    Region$$Table       anon$$obj.o


    Execution Region RW_IRAM1 (Base: 0x20000000, Size: 0x00000508, Max: 0x00003000, ABSOLUTE)

    Base Addr    Size         Type   Attr      Idx    E Section Name        Object

    0x20000000   0x00000004   Data   RW            4    .data               system_mkl25z4.o
    0x20000004   0x00000008   Data   RW          192    .data               uart.o
    0x2000000c   0x00000008   Data   RW          235    .data               delay.o
    0x20000014   0x00000004   PAD
    0x20000018   0x00000030   Data   RW          317    .data               cntl.o
    0x20000048   0x00000018   Data   RW          344    .data               ccd.o
    0x20000060   0x00000024   Zero   RW          142    .bss                sys.o
    0x20000084   0x00000080   Zero   RW          315    .bss                cntl.o
    0x20000104   0x00000004   PAD
    0x20000108   0x00000400   Zero   RW           47    STACK               startup_mkl25z4.o


==============================================================================

Image component sizes


      Code (inc. data)   RO Data    RW Data    ZI Data      Debug   Object Name

       652          8          0          0          0       2564   adc.o
       524         54          0         24          0       3046   ccd.o
       672         36        260         48        128       2503   cntl.o
       244         20          0          8          0       1450   delay.o
       824         32          0          0          0       3544   gpio.o
       116         14          0          0          0       6831   isr.o
        46          0          0          0          0        945   led.o
       108         16          0          0          0       5593   main.o
       312         16          0          0          0       2239   pit.o
       652         50          0          0          0       2381   pwm.o
        44         24        192          0       1024        824   startup_mkl25z4.o
      1700        178          0          0         36      10238   sys.o
       468         42          0          4          0      98849   system_mkl25z4.o
      2448        712         17          8          0       4450   uart.o

    ----------------------------------------------------------------------
      8810       1202        506         96       1192     145457   Object Totals
         0          0         32          0          0          0   (incl. Generated)
         0          0          5          4          4          0   (incl. Padding)

    ----------------------------------------------------------------------

      Code (inc. data)   RO Data    RW Data    ZI Data      Debug   Library Member Name

         0          0          0          0          0          0   entry.o
         0          0          0          0          0          0   entry10a.o
         0          0          0          0          0          0   entry11a.o
         8          4          0          0          0          0   entry2.o
         4          0          0          0          0          0   entry5.o
         0          0          0          0          0          0   entry7b.o
         0          0          0          0          0          0   entry8b.o
         8          4          0          0          0          0   entry9a.o
        30          0          0          0          0          0   handlers.o
        40          0          0          0          0         72   idiv.o
        36          8          0          0          0         68   init.o
         0          0          0          0          0          0   iusefp.o
        32          0          0          0          0         68   llshl.o
        38          0          0          0          0         68   llsshr.o
        34          0          0          0          0         68   llushr.o
      1190         48          0          0          0        384   printf8.o
        44          0          0          0          0         72   uidiv.o
        96          0          0          0          0         84   uldiv.o
       356          4          0          0          0        140   dadd.o
       236          0          0          0          0        216   depilogue.o
        72         10          0          0          0         72   dfixi.o
        40          6          0          0          0         68   dflti.o
       208          6          0          0          0         88   dmul.o

    ----------------------------------------------------------------------
      2476         90          0          0          0       1468   Library Totals
         4          0          0          0          0          0   (incl. Padding)

    ----------------------------------------------------------------------

      Code (inc. data)   RO Data    RW Data    ZI Data      Debug   Library Name

      1560         64          0          0          0        884   mc_p.l
       912         26          0          0          0        584   mf_p.l

    ----------------------------------------------------------------------
      2476         90          0          0          0       1468   Library Totals

    ----------------------------------------------------------------------

==============================================================================


      Code (inc. data)   RO Data    RW Data    ZI Data      Debug   

     11286       1292        506         96       1192     145625   Grand Totals
     11286       1292        506         96       1192     145625   ELF Image Totals
     11286       1292        506         96          0          0   ROM Totals

==============================================================================

    Total RO  Size (Code + RO Data)                11792 (  11.52kB)
    Total RW  Size (RW Data + ZI Data)              1288 (   1.26kB)
    Total ROM Size (Code + RO Data + RW Data)      11888 (  11.61kB)

==============================================================================

