<html>
<body>
<pre>
<h1>µVision Build Log</h1>
<h2>Project:</h2>
D:\Keil_ARM\SmartCar_Fx\PRJ\Template.uvproj
Project File Date:  06/15/2014

<h2>Output:</h2>
Build target 'Target 1'
compiling cntl.c...
linking...
Program Size: Code=11578 RO-data=506 RW-data=104 ZI-data=1192  
FromELF: creating hex file...
"..\OBJ\Template.axf" - 0 Error(s), 0 Warning(s).
Load "..\\OBJ\\Template.axf" 
Error: Flash Download failed  -  Target DLL has been cancelled
Load "..\\OBJ\\Template.axf" 
Set JLink Project File to "D:\Keil_ARM\SmartCar_Fx\PRJ\JLinkSettings.ini"
* JLink Info: Device "MKL25Z128XXX4" selected (128 KB flash, 16 KB RAM).
 
JLink info:
------------
DLL: V4.80g, compiled Feb 13 2014 20:50:02
Firmware: J-Link ARM V8 compiled Nov 25 2013 19:20:08
Hardware: V8.00
S/N : 58001139 
Feature(s) : RDI,FlashDL,FlashBP,JFlash 
 
* JLink Info: Found SWD-DP with ID 0x0BC11477
* JLink Info: Found SWD-DP with ID 0x0BC11477
* JLink Info: Found Cortex-M0 r0p0, Little endian.
* JLink Info: FPUnit: 2 code (BP) slots and 0 literal slots
ROMTableAddr = 0xE00FF003
* JLink Info: Kinetis L-series (setup): Disabling watchdog.
 
Target info:
------------
Device: MKL25Z128xxx4
VTarget = 3.267V
State of Pins: 
TCK: 0, TDI: 0, TDO: 0, TMS: 1, TRES: 1, TRST: 0
Hardware-Breakpoints: 2
Software-Breakpoints: 8192
Watchpoints:          2
JTAG speed: 2000 kHz
 
Erase Done.
Programming Done.
Verify OK.
* JLink Info: Kinetis L-series (setup): Disabling watchdog.
Application running ...
Cortex-M0 r0p0, Little endian.
* JLink Info: FPUnit: 2 code (BP) slots and 0 literal slots
ROMTableAddr = 0xE00FF003
* JLink Info: Kinetis L-series (setup): Disabling watchdog.
 
Target info:
------------
Device: MKL25Z128xxx4
VTarget = 3.261V
State of Pins: 
TCK: 0, TDI: 0, TDO: 0, TMS: 1, TRES: 1, TRST: 0
Hardware-Breakpoints: 2
Software-Breakpoints: 8192
Watchpoints:          2
JTAG speed: 2000 kHz
 
Erase Done.
Programming Done.
Verify OK.
* JLink Info: Kinetis L-series (setup): Disabling watchdog.
Application running ...

\Template.axf" 
Set JLink Project File to "D:\Keil_ARM\SmartCar_Fx\PRJ\JLinkSettings.ini"
* JLink Info: Device "MKL25Z128XXX4" selected (128 KB flash, 16 KB RAM).
 
JLink info:
------------
DLL: V4.80g, compiled Feb 13 2014 20:50:02
Firmware: J-Link ARM V8 compiled Nov 25 2013 19:20:08
Hardware: V8.00
S/N : 58001139 
Feature(s) : RDI,FlashDL,FlashBP,JFlash 
 
* JLink Info: Found SWD-DP with ID 0x0BC11477
* JLink Info: Found SWD-DP with ID 0x0BC11477
* JLink Info: Found Cortex-M0 r0p0, Little endian.
* JLink Info: FPUnit: 2 code (BP) slots and 0 literal slots
ROMTableAddr = 0xE00FF003
* JLink Info: Kinetis L-series (setup): Disabling watchdog.
 
Target info:
------------
Device: MKL25Z128xxx4
VTarget = 3.267V
State of Pins: 
TCK: 0, TDI: 0, TDO: 0, TMS: 1, TRES: 1, TRST: 0
Hardware-Breakpoints: 2
Software-Breakpoints: 8192
Watchpoints:          2
JTAG speed: 2000 kHz
 
Erase Done.
Programming Done.
Verify OK.
* JLink Info: Kinetis L-series (setup): Disabling watchdog.
Application running ...
